[Licensing::Module] Trying to connect to existing licensing client channel...
Built from '6000.5/staging' branch; Version is '6000.5.5f1 (d16e074b49fd) revision 13725191'; Using compiler version '194234433'; Build Type 'Release'
OS: 'Windows 11  (10.0.26200) Core' Language: 'en' Physical Memory: 16072 MB
[Licensing::IpcConnector] Successfully connected to: "LicenseClient-ricar" at "2026-07-26T04:15:19.3714925Z"
BatchMode: 1, IsHumanControllingUs: 0, StartBugReporterOnCrash: 0, Is64bit: 1
System  architecture: x64
Process architecture: x64
Date: 2026-07-26T04:15:19Z
[Licensing::Client] Code 10 while verifying Licensing Client signature (process Id: 12380, path: "C:/Program Files/Unity/Hub/Editor/6000.5.5f1/Editor/Data/Resources/Licensing/Client/Unity.Licensing.Client.exe")
[Licensing::Module] LicensingClient has failed validation; ignoring
[Licensing::Client] Handshaking with LicensingClient:
  Version:                 1.18.1+9fbee8e
  Session Id:              b96fb573fef048818e3a66ff957fddb7
  Correlation Id:          e911505450ca2ff2d116383f863a0e9f
  External correlation Id: 4103015200458064948
  Machine Id:              PsyIwg9UeoYFEqYf3zM0m1TS6rM=
[Licensing::Module] Successfully connected to LicensingClient on channel: "LicenseClient-ricar" (connect: 0.00s, validation: 0.00s, handshake: 0.03s)
[Licensing::IpcConnector] Successfully connected to: "LicenseClient-ricar-notifications" at "2026-07-26T04:15:19.4067328Z"
[Licensing::Module] Error: Access token is unavailable; failed to update
[Licensing::Client] Successfully resolved entitlement details
[Licensing::Module] License group:
  Id: 4674233397729-UnityPersXXXX
  Product: Unity Personal
  Type: Assigned
  Expiration: Unlimited
[Licensing::Client] Successfully updated license, isAsync: True, time: 0.00
[Licensing::Client] Successfully resolved entitlement details
[Licensing::Module] Licensing Background thread has ended after 0.04s

COMMAND LINE ARGUMENTS:
C:\Program Files\Unity\Hub\Editor\6000.5.5f1\Editor\Unity.exe
-batchmode
-nographics
-quit
-projectPath
C:\Users\ricar\Documents\github\acuaria\Acuaria
-executeMethod
Acuaria.Editor.FishSpeciesContentSetup.ConfigureCatalogUI
-logFile
C:\Users\ricar\Documents\github\acuaria\Acuaria\catalog-setup.log
Successfully changed project path to: C:\Users\ricar\Documents\github\acuaria\Acuaria
C:/Users/ricar/Documents/github/acuaria/Acuaria
[UnityMemory] Configuration Parameters - Can be set up in boot.config
    "memorysetup-temp-allocator-size-gi-baking-worker=262144"
    "memorysetup-temp-allocator-size-gi-baking-worker=262144"
    "memorysetup-temp-allocator-size-gi-baking-worker=262144"
    "memorysetup-temp-allocator-size-gi-baking-worker=262144"
    "memorysetup-temp-allocator-size-gi-baking-worker=262144"
    "memorysetup-temp-allocator-size-nav-mesh-worker=65536"
    "memorysetup-temp-allocator-size-audio-worker=65536"
    "memorysetup-temp-allocator-size-cloud-worker=32768"
    "memorysetup-temp-allocator-size-gfx=262144"
    "memorysetup-temp-allocator-size-preload-manager=33554432"
    "memorysetup-allocator-temp-initial-block-size-main=262144"
    "memorysetup-allocator-temp-initial-block-size-worker=262144"
    "memorysetup-temp-allocator-size-job-worker=262144"
    "memorysetup-temp-allocator-size-background-worker=32768"
    "memorysetup-bucket-allocator-granularity=16"
    "memorysetup-bucket-allocator-bucket-count=8"
    "memorysetup-bucket-allocator-block-size=33554432"
    "memorysetup-bucket-allocator-block-count=8"
    "memorysetup-main-allocator-block-size=16777216"
    "memorysetup-thread-allocator-block-size=16777216"
    "memorysetup-main-allocator-mimalloc-enabled=0"
    "memorysetup-gfx-main-allocator-block-size=16777216"
    "memorysetup-gfx-thread-allocator-block-size=16777216"
    "memorysetup-cache-allocator-block-size=4194304"
    "memorysetup-typetree-allocator-block-size=2097152"
    "memorysetup-profiler-bucket-allocator-granularity=16"
    "memorysetup-profiler-bucket-allocator-bucket-count=8"
    "memorysetup-profiler-bucket-allocator-block-size=33554432"
    "memorysetup-profiler-bucket-allocator-block-count=8"
    "memorysetup-profiler-allocator-block-size=16777216"
    "memorysetup-profiler-editor-allocator-block-size=1048576"
    "memorysetup-temp-allocator-size-main=16777216"
    "memorysetup-job-temp-allocator-block-size=2097152"
    "memorysetup-job-temp-allocator-block-size-background=1048576"
    "memorysetup-job-temp-allocator-reduction-small-platforms=262144"
Logging is directed to a specific file, skipping project log.Player connection [38800]  Target information:

Player connection [38800]  * "[IP] 192.168.1.3 [Port] 55504 [Flags] 2 [Guid] 634609112 [EditorId] 634609112 [Version] 1048832 [Id] WindowsEditor(7,Alienware) [Debug] 1 [PackageName] WindowsEditor [ProjectName] Editor" 

Player connection [38800] Host joined multi-casting on [225.0.0.222:54997]...
Player connection [38800] Host joined alternative multi-casting on [225.0.0.222:34997]...
Input System module state changed to: Initialized.
[Physics::Module] Initialized fallback backend.
[Physics::Module] Id: 0xdecafbad
[Package Manager] Connected to IPC stream "Upm-4264" after 0.2 seconds.
[Licensing::Client] Successfully resolved entitlement details
Library Redirect Path: Library/
[Physics::Module] Selected backend.
[Physics::Module] Name: PhysX
[Physics::Module] Id: 0xf2b8ea05
[Physics::Module] SDK Version: 4.1.2
[Physics::Module] Integration Version: 1.0.0
[Physics::Module] Threading Mode: Multi-Threaded
Active build profile path: `Assets/Settings/Build Profiles/Android™.asset`
Got setting from build profile YAML, name `m_BuildSubtarget`, value `0`
[Licensing::Client] Successfully resolved entitlement details
Got setting from build profile YAML, name `m_BuildTarget`, value `13`
Got setting from build profile YAML, name `m_Subtarget`, value `0`
Initialize engine version: 6000.5.5f1 (d16e074b49fd)
[Subsystems] Discovering subsystems at path C:/Program Files/Unity/Hub/Editor/6000.5.5f1/Editor/Data/Resources/UnitySubsystems
[Subsystems] Discovering subsystems at path C:/Users/ricar/Documents/github/acuaria/Acuaria/Assets
Forcing GfxDevice: Null
GfxDevice: creating device client; kGfxThreadingModeNonThreaded
NullGfxDevice:
    Version:  NULL 1.0 [1.0]
    Renderer: Null Device
    Vendor:   Unity Technologies
Got setting from build profile YAML, name `m_BuildSubtarget`, value `0`
Shader Hidden/ChartRasterizerHardware is not supported: GPU does not support conservative rasterization
Got setting from build profile YAML, name `m_BuildSubtarget`, value `0`
Got setting from build profile YAML, name `m_BuildSubtarget`, value `0`
Initialize mono
Mono path[0] = 'C:/Program Files/Unity/Hub/Editor/6000.5.5f1/Editor/Data/Managed'
Mono path[1] = 'C:/Program Files/Unity/Hub/Editor/6000.5.5f1/Editor/Data/BCLExtensions/runtime/netstandard2.1'
Mono path[2] = 'C:/Program Files/Unity/Hub/Editor/6000.5.5f1/Editor/Data/MonoBleedingEdge/lib/mono/unityjit-win32'
Mono config path = 'C:/Program Files/Unity/Hub/Editor/6000.5.5f1/Editor/Data/MonoBleedingEdge/etc'
Using monoOptions --debugger-agent=transport=dt_socket,embedding=1,server=y,suspend=n,address=127.0.0.1:56264
CodeReloadManager initialized
ImportWorker Server TCP listen port: 0
AcceleratorClientConnectionCallback - disconnected - :0
Got setting from build profile YAML, name `m_BuildSubtarget`, value `0`
Got setting from build profile YAML, name `m_BuildSubtarget`, value `0`
Begin MonoManager ReloadAssembly
Registering precompiled unity dll's ...
Register platform support module: C:/Program Files/Unity/Hub/Editor/6000.5.5f1/Editor/Data/PlaybackEngines/WebGLSupport/UnityEditor.WebGL.Extensions.dll
Register platform support module: C:/Program Files/Unity/Hub/Editor/6000.5.5f1/Editor/Data/PlaybackEngines/WindowsStandaloneSupport/UnityEditor.WindowsStandalone.Extensions.dll
Register platform support module: C:/Program Files/Unity/Hub/Editor/6000.5.5f1/Editor/Data/PlaybackEngines/AndroidPlayer/UnityEditor.Android.Extensions.dll
[Licensing::Client] Successfully resolved entitlement details
Register platform support module: C:/Program Files/Unity/Hub/Editor/6000.5.5f1/Editor/Data/PlaybackEngines/iOSSupport/UnityEditor.iOS.Extensions.dll
Registered in 0.004826 seconds.
Got setting from build profile YAML, name `m_BuildSubtarget`, value `0`
Got setting from build profile YAML, name `m_BuildSubtarget`, value `0`
Got setting from build profile YAML, name `m_BuildSubtarget`, value `0`
Got setting from build profile YAML, name `m_BuildSubtarget`, value `0`
Native extension for iOS target not found
Native extension for Android target not found
Native extension for WindowsStandalone target not found
Native extension for WebGL target not found
Package Manager log level set to [2]
ScheduleIndexationOnStartup MainProcess:False IndexOnStartup:True
Mono: successfully reloaded assembly
- Finished resetting the current domain, in  0.412 seconds
Domain Reload Profiling: 966ms
	BeginReloadAssembly (143ms)
		CreateAndSetChildDomain (14ms)
	RebuildCommonClasses (5ms)
	RebuildNativeTypeToScriptingClass (17ms)
	initialDomainReloadingComplete (67ms)
	LoadAllAssembliesAndSetupDomain (321ms)
		LoadAssemblies (128ms)
		AnalyzeDomain (234ms)
			TypeCache.Refresh (232ms)
				TypeCache.ScanAssembly (219ms)
	FinalizeReload (413ms)
		SetupLoadedEditorAssemblies (0ms)
			InitializePlatformSupportModulesInManaged (13ms)
			BeforeProcessingInitializeOnLoad (93ms)
			ProcessInitializeOnLoadAttributes (100ms)
			ProcessInitializeOnLoadMethodAttributes (128ms)
[Licensing::Client] Successfully resolved entitlement details
[Licensing::Client] Successfully resolved entitlement details
Application.AssetDatabase Initial Refresh Start
[Package Manager] Restoring resolved packages state from cache
[Licensing::Client] Successfully resolved entitlement details
[Package Manager] Registered 74 packages:
  Packages from [https://packages.unity.com]:
    com.unity.2d.animation@15.1.0 (location: C:\Users\ricar\Documents\github\acuaria\Acuaria\Library\PackageCache\com.unity.2d.animation@6d5a363ae647)
    com.unity.2d.aseprite@5.0.3 (location: C:\Users\ricar\Documents\github\acuaria\Acuaria\Library\PackageCache\com.unity.2d.aseprite@d13865913efa)
    com.unity.2d.psdimporter@14.0.3 (location: C:\Users\ricar\Documents\github\acuaria\Acuaria\Library\PackageCache\com.unity.2d.psdimporter@5d82044f9e43)
    com.unity.2d.spriteshape@15.0.3 (location: C:\Users\ricar\Documents\github\acuaria\Acuaria\Library\PackageCache\com.unity.2d.spriteshape@fcb7ec61a58b)
    com.unity.2d.tilemap.extras@8.0.3 (location: C:\Users\ricar\Documents\github\acuaria\Acuaria\Library\PackageCache\com.unity.2d.tilemap.extras@a80140457adc)
    com.unity.2d.tooling@3.0.1 (location: C:\Users\ricar\Documents\github\acuaria\Acuaria\Library\PackageCache\com.unity.2d.tooling@6f06ffb033c0)
    com.unity.ai.assistant@2.16.0-pre.1 (location: C:\Users\ricar\Documents\github\acuaria\Acuaria\Library\PackageCache\com.unity.ai.assistant@9f93b51e80a8)
    com.unity.ai.inference@2.6.1 (location: C:\Users\ricar\Documents\github\acuaria\Acuaria\Library\PackageCache\com.unity.ai.inference@9a123aee5df7)
    com.unity.collab-proxy@2.13.3 (location: C:\Users\ricar\Documents\github\acuaria\Acuaria\Library\PackageCache\com.unity.collab-proxy@4f3be89e8675)
    com.unity.ide.rider@3.0.38 (location: C:\Users\ricar\Documents\github\acuaria\Acuaria\Library\PackageCache\com.unity.ide.rider@1f60b3138684)
    com.unity.ide.visualstudio@2.0.26 (location: C:\Users\ricar\Documents\github\acuaria\Acuaria\Library\PackageCache\com.unity.ide.visualstudio@a99d56dec63f)
    com.unity.inputsystem@1.19.0 (location: C:\Users\ricar\Documents\github\acuaria\Acuaria\Library\PackageCache\com.unity.inputsystem@21a28c3a6c83)
    com.unity.microsoft.gdk@1.7.0 (location: C:\Users\ricar\Documents\github\acuaria\Acuaria\Library\PackageCache\com.unity.microsoft.gdk@3b45a9994164)
    com.unity.microsoft.gdk.tools@1.7.0 (location: C:\Users\ricar\Documents\github\acuaria\Acuaria\Library\PackageCache\com.unity.microsoft.gdk.tools@d61763b7f228)
    com.unity.purchasing@5.4.2 (location: C:\Users\ricar\Documents\github\acuaria\Acuaria\Library\PackageCache\com.unity.purchasing@290a16a9a099)
    com.unity.timeline@1.8.12 (location: C:\Users\ricar\Documents\github\acuaria\Acuaria\Library\PackageCache\com.unity.timeline@8cd8509afae5)
    com.unity.visualscripting@1.9.11 (location: C:\Users\ricar\Documents\github\acuaria\Acuaria\Library\PackageCache\com.unity.visualscripting@8bed5ad90189)
    com.unity.services.core@1.18.0 (location: C:\Users\ricar\Documents\github\acuaria\Acuaria\Library\PackageCache\com.unity.services.core@3464cb68d709)
    com.unity.microsoft.gdk.discovery@1.3.0 (location: C:\Users\ricar\Documents\github\acuaria\Acuaria\Library\PackageCache\com.unity.microsoft.gdk.discovery@9c2d1c88cf7f)
    com.unity.burst@1.8.29 (location: C:\Users\ricar\Documents\github\acuaria\Acuaria\Library\PackageCache\com.unity.burst@6bb9aca3ef38)
    com.unity.dt.app-ui@2.1.7 (location: C:\Users\ricar\Documents\github\acuaria\Acuaria\Library\PackageCache\com.unity.dt.app-ui@b097002a00c2)
    com.unity.nuget.newtonsoft-json@3.2.2 (location: C:\Users\ricar\Documents\github\acuaria\Acuaria\Library\PackageCache\com.unity.nuget.newtonsoft-json@4dfd81071c64)
    com.unity.nuget.mono-cecil@1.11.6 (location: C:\Users\ricar\Documents\github\acuaria\Acuaria\Library\PackageCache\com.unity.nuget.mono-cecil@ecb9724e46ff)
    com.unity.2d.common@14.0.1 (location: C:\Users\ricar\Documents\github\acuaria\Acuaria\Library\PackageCache\com.unity.2d.common@73badf92ba8b)
    com.unity.searcher@4.9.4 (location: C:\Users\ricar\Documents\github\acuaria\Acuaria\Library\PackageCache\com.unity.searcher@d45a78918735)
    com.unity.test-framework.performance@3.5.0 (location: C:\Users\ricar\Documents\github\acuaria\Acuaria\Library\PackageCache\com.unity.test-framework.performance@8b56083ec0f0)
  Built-in packages:
    com.unity.2d.sprite@1.0.0 (location: C:\Users\ricar\Documents\github\acuaria\Acuaria\Library\PackageCache\com.unity.2d.sprite@053a968eab56)
    com.unity.2d.tilemap@1.0.0 (location: C:\Users\ricar\Documents\github\acuaria\Acuaria\Library\PackageCache\com.unity.2d.tilemap@b959501fd678)
    com.unity.multiplayer.center@1.0.1 (location: C:\Users\ricar\Documents\github\acuaria\Acuaria\Library\PackageCache\com.unity.multiplayer.center@b860850997d0)
    com.unity.render-pipelines.universal@17.5.0 (location: C:\Users\ricar\Documents\github\acuaria\Acuaria\Library\PackageCache\com.unity.render-pipelines.universal@040461d037aa)
    com.unity.test-framework@1.7.0 (location: C:\Users\ricar\Documents\github\acuaria\Acuaria\Library\PackageCache\com.unity.test-framework@1405238725ab)
    com.unity.ugui@2.5.0 (location: C:\Users\ricar\Documents\github\acuaria\Acuaria\Library\PackageCache\com.unity.ugui@f2d87ebaaa32)
    com.unity.modules.accessibility@1.0.0 (location: C:\Users\ricar\Documents\github\acuaria\Acuaria\Library\PackageCache\com.unity.modules.accessibility)
    com.unity.modules.adaptiveperformance@1.0.0 (location: C:\Users\ricar\Documents\github\acuaria\Acuaria\Library\PackageCache\com.unity.modules.adaptiveperformance)
    com.unity.modules.ai@1.0.0 (location: C:\Users\ricar\Documents\github\acuaria\Acuaria\Library\PackageCache\com.unity.modules.ai)
    com.unity.modules.androidjni@1.0.0 (location: C:\Users\ricar\Documents\github\acuaria\Acuaria\Library\PackageCache\com.unity.modules.androidjni)
    com.unity.modules.animation@1.0.0 (location: C:\Users\ricar\Documents\github\acuaria\Acuaria\Library\PackageCache\com.unity.modules.animation)
    com.unity.modules.assetbundle@1.0.0 (location: C:\Users\ricar\Documents\github\acuaria\Acuaria\Library\PackageCache\com.unity.modules.assetbundle)
    com.unity.modules.audio@1.0.0 (location: C:\Users\ricar\Documents\github\acuaria\Acuaria\Library\PackageCache\com.unity.modules.audio)
    com.unity.modules.cloth@1.0.0 (location: C:\Users\ricar\Documents\github\acuaria\Acuaria\Library\PackageCache\com.unity.modules.cloth)
    com.unity.modules.director@1.0.0 (location: C:\Users\ricar\Documents\github\acuaria\Acuaria\Library\PackageCache\com.unity.modules.director)
    com.unity.modules.imageconversion@1.0.0 (location: C:\Users\ricar\Documents\github\acuaria\Acuaria\Library\PackageCache\com.unity.modules.imageconversion)
    com.unity.modules.imgui@1.0.0 (location: C:\Users\ricar\Documents\github\acuaria\Acuaria\Library\PackageCache\com.unity.modules.imgui)
    com.unity.modules.jsonserialize@1.0.0 (location: C:\Users\ricar\Documents\github\acuaria\Acuaria\Library\PackageCache\com.unity.modules.jsonserialize)
    com.unity.modules.particlesystem@1.0.0 (location: C:\Users\ricar\Documents\github\acuaria\Acuaria\Library\PackageCache\com.unity.modules.particlesystem)
    com.unity.modules.physics@1.0.0 (location: C:\Users\ricar\Documents\github\acuaria\Acuaria\Library\PackageCache\com.unity.modules.physics)
    com.unity.modules.physics2d@1.0.0 (location: C:\Users\ricar\Documents\github\acuaria\Acuaria\Library\PackageCache\com.unity.modules.physics2d)
    com.unity.modules.physicscore2d@1.0.0 (location: C:\Users\ricar\Documents\github\acuaria\Acuaria\Library\PackageCache\com.unity.modules.physicscore2d)
    com.unity.modules.screencapture@1.0.0 (location: C:\Users\ricar\Documents\github\acuaria\Acuaria\Library\PackageCache\com.unity.modules.screencapture)
    com.unity.modules.terrain@1.0.0 (location: C:\Users\ricar\Documents\github\acuaria\Acuaria\Library\PackageCache\com.unity.modules.terrain)
    com.unity.modules.terrainphysics@1.0.0 (location: C:\Users\ricar\Documents\github\acuaria\Acuaria\Library\PackageCache\com.unity.modules.terrainphysics)
    com.unity.modules.tilemap@1.0.0 (location: C:\Users\ricar\Documents\github\acuaria\Acuaria\Library\PackageCache\com.unity.modules.tilemap)
    com.unity.modules.ui@1.0.0 (location: C:\Users\ricar\Documents\github\acuaria\Acuaria\Library\PackageCache\com.unity.modules.ui)
    com.unity.modules.uielements@1.0.0 (location: C:\Users\ricar\Documents\github\acuaria\Acuaria\Library\PackageCache\com.unity.modules.uielements)
    com.unity.modules.umbra@1.0.0 (location: C:\Users\ricar\Documents\github\acuaria\Acuaria\Library\PackageCache\com.unity.modules.umbra)
    com.unity.modules.unityanalytics@1.0.0 (location: C:\Users\ricar\Documents\github\acuaria\Acuaria\Library\PackageCache\com.unity.modules.unityanalytics)
    com.unity.modules.unitywebrequest@1.0.0 (location: C:\Users\ricar\Documents\github\acuaria\Acuaria\Library\PackageCache\com.unity.modules.unitywebrequest)
    com.unity.modules.unitywebrequestassetbundle@1.0.0 (location: C:\Users\ricar\Documents\github\acuaria\Acuaria\Library\PackageCache\com.unity.modules.unitywebrequestassetbundle)
    com.unity.modules.unitywebrequestaudio@1.0.0 (location: C:\Users\ricar\Documents\github\acuaria\Acuaria\Library\PackageCache\com.unity.modules.unitywebrequestaudio)
    com.unity.modules.unitywebrequesttexture@1.0.0 (location: C:\Users\ricar\Documents\github\acuaria\Acuaria\Library\PackageCache\com.unity.modules.unitywebrequesttexture)
    com.unity.modules.unitywebrequestwww@1.0.0 (location: C:\Users\ricar\Documents\github\acuaria\Acuaria\Library\PackageCache\com.unity.modules.unitywebrequestwww)
    com.unity.modules.vectorgraphics@1.0.0 (location: C:\Users\ricar\Documents\github\acuaria\Acuaria\Library\PackageCache\com.unity.modules.vectorgraphics)
    com.unity.modules.vehicles@1.0.0 (location: C:\Users\ricar\Documents\github\acuaria\Acuaria\Library\PackageCache\com.unity.modules.vehicles)
    com.unity.modules.video@1.0.0 (location: C:\Users\ricar\Documents\github\acuaria\Acuaria\Library\PackageCache\com.unity.modules.video)
    com.unity.modules.wind@1.0.0 (location: C:\Users\ricar\Documents\github\acuaria\Acuaria\Library\PackageCache\com.unity.modules.wind)
    com.unity.modules.xr@1.0.0 (location: C:\Users\ricar\Documents\github\acuaria\Acuaria\Library\PackageCache\com.unity.modules.xr)
    com.unity.modules.subsystems@1.0.0 (location: C:\Users\ricar\Documents\github\acuaria\Acuaria\Library\PackageCache\com.unity.modules.subsystems)
    com.unity.modules.hierarchycore@1.0.0 (location: C:\Users\ricar\Documents\github\acuaria\Acuaria\Library\PackageCache\com.unity.modules.hierarchycore)
    com.unity.ext.nunit@2.1.0 (location: C:\Users\ricar\Documents\github\acuaria\Acuaria\Library\PackageCache\com.unity.ext.nunit@44f7d31723bd)
    com.unity.render-pipelines.core@17.5.0 (location: C:\Users\ricar\Documents\github\acuaria\Acuaria\Library\PackageCache\com.unity.render-pipelines.core@b19a46951e65)
    com.unity.shadergraph@17.5.0 (location: C:\Users\ricar\Documents\github\acuaria\Acuaria\Library\PackageCache\com.unity.shadergraph@8d7376ec43ee)
    com.unity.render-pipelines.universal-config@17.5.0 (location: C:\Users\ricar\Documents\github\acuaria\Acuaria\Library\PackageCache\com.unity.render-pipelines.universal-config@fdda01c80fe3)
    com.unity.collections@6.5.0 (location: C:\Users\ricar\Documents\github\acuaria\Acuaria\Library\PackageCache\com.unity.collections@a43cabe808ca)
    com.unity.mathematics@1.4.0 (location: C:\Users\ricar\Documents\github\acuaria\Acuaria\Library\PackageCache\com.unity.mathematics@981956d94fb6)
[Subsystems] No new subsystems found in resolved package list.
[Package Manager] Done registering packages in 0.03 seconds
[ScriptCompilation] Requested script compilation because: AssetDatabase observed changes in script compilation related files
Refreshing native plugins compatible for Editor in 13.64 ms, found 7 plugins.
Starting: C:\Program Files\Unity\Hub\Editor\6000.5.5f1\Editor\Data\Tools\BuildPipeline\bee_backend.exe --ipc --defer-dag-verification --dagfile="Library/Bee/1300b0aE.dag" --continue-on-failure --profile="Library/Bee/backend1.traceevents" ScriptAssemblies
WorkingDir: C:/Users/ricar/Documents/github/acuaria/Acuaria
DisplayProgressbar: Compiling Scripts
ExitCode: 0 Duration: 4s623ms
[1651/2211  0s] ILPP-Configuration Library/ilpp-configuration.nevergeneratedoutput
[2207/2211  2s] Csc Library/Bee/artifacts/1300b0aE.dag/Acuaria.Editor.dll (+2 others)
[2208/2211  0s] ILPostProcess Library/Bee/artifacts/1300b0aE.dag/post-processed/Acuaria.Editor.dll (+pdb)
Processing assembly Library/Bee/artifacts/1300b0aE.dag/Acuaria.Editor.dll, with 150 defines and 327 references

processors: Unity.Jobs.CodeGen.JobsILPostProcessor, zzzUnity.Burst.CodeGen.BurstILPostProcessor

running Unity.Jobs.CodeGen.JobsILPostProcessor

running zzzUnity.Burst.CodeGen.BurstILPostProcessor
[2209/2211  0s] CopyFiles Library/ScriptAssemblies/Acuaria.Editor.pdb
[2210/2211  0s] CopyFiles Library/ScriptAssemblies/Acuaria.Editor.dll
*** Tundra build success (4.58 seconds), 5 items updated, 2211 evaluated
Total cache size 268179504
Total cache size after purge 268179504, took 00:00:00.2185212
AssetDatabase: script compilation time: 5.953543s
Begin MonoManager ReloadAssembly
Refreshing native plugins compatible for Editor in 8.22 ms, found 7 plugins.
Native extension for iOS target not found
Native extension for Android target not found
Native extension for WindowsStandalone target not found
Native extension for WebGL target not found
Refreshing native plugins compatible for Editor in 10.98 ms, found 7 plugins.
Refreshing native plugins compatible for Editor in 10.15 ms, found 7 plugins.
[Licensing::Client] Error: Code 404 while processing request (status: Found 0 entitlement groups and 0 free entitlements matching requested entitlement ids)
[Licensing::Client] Error: Code 404 while processing request (status: Found 0 entitlement groups and 0 free entitlements matching requested entitlement ids)
[Licensing::Client] Error: Code 404 while processing request (status: Found 0 entitlement groups and 0 free entitlements matching requested entitlement ids)
ScheduleIndexationOnStartup MainProcess:True IndexOnStartup:True
Mono: successfully reloaded assembly
- Finished resetting the current domain, in  6.176 seconds
Domain Reload Profiling: 7786ms
	BeginReloadAssembly (227ms)
		DisableScriptedObjects (26ms)
		CreateAndSetChildDomain (39ms)
	RebuildCommonClasses (9ms)
	RebuildNativeTypeToScriptingClass (17ms)
	initialDomainReloadingComplete (103ms)
	LoadAllAssembliesAndSetupDomain (1253ms)
		LoadAssemblies (530ms)
		AnalyzeDomain (654ms)
			TypeCache.Refresh (479ms)
				TypeCache.ScanAssembly (451ms)
			BuildScriptInfoCaches (160ms)
			ResolveRequiredComponents (11ms)
	FinalizeReload (6177ms)
		SetupLoadedEditorAssemblies (0ms)
			InitializePlatformSupportModulesInManaged (12ms)
			BeforeProcessingInitializeOnLoad (144ms)
			ProcessInitializeOnLoadAttributes (5154ms)
			ProcessInitializeOnLoadMethodAttributes (624ms)
			AfterProcessingInitializeOnLoad (4ms)
		AwakeInstancesAfterBackupRestoration (31ms)
Starting new worker id: 0 with log in C:/Users/ricar/Documents/github/acuaria/Acuaria/Logs/AssetImportWorkerHW0.log
Refreshing native plugins compatible for Editor in 8.39 ms, found 7 plugins.

Asset Pipeline Refresh (id=0eaba68f4de86ea41915e091a3cd00f1): Total: 15.830 seconds - Initiated by InitialRefreshV2(ForceSynchronousImport)
	(Values over 0.05ms)
	Summary:
		Imports: total=0 (actual=0, local cache=0, cache server=0)
		Asset DB Process Time: managed=0 ms, native=7327 ms
		Asset DB Callback time: managed=693 ms, native=50 ms
		Scripting: domain reloads=1, domain reload time=1688 ms, compile time=5955 ms, other=114 ms
		Project Asset Count: scripts=2947, non-scripts=6371
		Asset File Changes: new=0, changed=1, moved=0, deleted=0
		Scan Filter Count: 0
	InvokePackagesCallback: 36.091ms
	ApplyChangesToAssetFolders: 0.771ms
	Scan: 383.620ms
	Collect global state as custom dependencies: 5.469ms
	OnSourceAssetsModified: 0.887ms
	CategorizeScriptCompilationAssets: 93.437ms
	ProcessAssetsWithTransientArtifactChanges: 162.236ms
	CategorizeAssets: 124.756ms
	CompileScripts: 5955.201ms
	ImportOutOfDateAssets: 6335.751ms (6228.294ms without children)
		UnloadImportedAssets: 0.705ms
		EnsureUptoDateAssetsAreRegisteredWithGuidPM: 1.391ms
		ImportSchedulerStart: 105.313ms
	PostProcessAllAssets: 697.003ms
		XRBuildSystem.XRAssetImported 2.513ms
		VCAutoAddAssetPostprocess 1.230ms
		MonoPostProcessAllAssets: 692.535ms
			AssetPostprocessor.OnPostprocessAllAssets 266.784ms
			AssetReferenceReimportMonitor.OnPostprocessAllAssets 53.898ms
			StyleCatalogPostProcessor.OnPostprocessAllAssets 25.962ms
			UniversalRenderPipelineGlobalSettingsPostprocessor.OnPostprocessAllAssets 13.258ms
			BuilderAssetPostprocessor.OnPostprocessAllAssets 6.605ms
			SyncVS.PostprocessSyncProject 3.745ms
			SpriteSlicePostprocessor.OnPostprocessAllAssets 2.799ms
			ShaderGraphAssetPostProcessor.OnPostprocessAllAssets 2.363ms
			GraphRefreshPostprocessor.OnPostprocessAllAssets 2.324ms
			SpeedTree9Postprocessor.OnPostprocessAllAssets 2.219ms
			WindowAssetPostprocessingWatcher.OnPostprocessAllAssets 1.836ms
			AssetChangeDetector.OnPostprocessAllAssets 1.409ms
			AssetChangedListener.OnPostprocessAllAssets 1.381ms
			RetainedModeAssetPostprocessor.OnPostprocessAllAssets 1.362ms
			UVCSAssetPostprocessor.OnPostprocessAllAssets 1.273ms
			EditModeScopePostprocessor.OnPostprocessAllAssets 1.004ms
			AssetProcessor.OnPostprocessAllAssets 0.924ms
			MaterialPostprocessor.OnPostprocessAllAssets 0.910ms
			RenderPipelineGlobalSettingsPostprocessor.OnPostprocessAllAssets 0.892ms
			SpriteEditorTexturePostprocessor.OnPostprocessAllAssets 0.710ms
			SkillsProjectAssetPostprocessor.OnPostprocessAllAssets 0.653ms
			ArtifactBrowserPostProcessor.OnPostprocessAllAssets 0.549ms
			TextAssetPostProcessor.OnPostprocessAllAssets 0.538ms
			ReferencedClipsPostProcessor.OnPostprocessAllAssets 0.453ms
			SpriteShapeAssetPostProcessor.OnPostprocessAllAssets 0.422ms
			ModelAssetProcessor.OnPostprocessAllAssets 0.420ms
			InputActionAssetPostprocessor.OnPostprocessAllAssets 0.418ms
			ShaderReflectionAssetPostProcessor.OnPostprocessAllAssets 0.402ms
			SampleDependencyImporterPostProcessor.OnPostprocessAllAssets 0.379ms
			SpriteLibraryAssetPostprocessor.OnPostprocessAllAssets 0.338ms
			TMPro_TexturePostProcessor.OnPostprocessAllAssets 0.331ms
			GdkAssemblyAssetProcessor.OnPostprocessAllAssets 0.328ms
			AssetEvents.OnPostprocessAllAssets 0.311ms
			InputActionJsonNameModifierAssetProcessor.OnPostprocessAllAssets 0.302ms
			PostProcessor.OnPostprocessAllAssets 0.296ms
			AudioMixerPostprocessor.OnPostprocessAllAssets 0.291ms
			TerrainToolbarOverlayPostProcessor.OnPostprocessAllAssets 0.262ms
			SamplePostprocessor.OnPostprocessAllAssets 0.211ms
			PSDImportPostProcessor.OnPostprocessAllAssets 0.182ms
			ConfigAssetsTracker.OnPostprocessAllAssets 0.173ms
			SpeedTreePostProcessor.OnPostprocessAllAssets 0.171ms
			AssetDatabaseCallbacks.OnPostprocessAllAssets 0.170ms
			AssetPostprocessorProxy.OnPostprocessAllAssets 0.166ms
			AssetReloadNotifier.OnPostprocessAllAssets 0.153ms
			ProjectSettingsPostprocessor.OnPostprocessAllAssets 0.142ms
			ScenarioDriftAssetsTracker.OnPostprocessAllAssets 0.115ms
			PSDImporterAssetPostProcessor.OnPostprocessAllAssets 0.106ms
			AudioContainerPostProcessor.OnPostprocessAllAssets 0.078ms
			TrackSelectedAssetsProcessor.OnPostprocessAllAssets 0.071ms
	PostAssetChangesProfiler: 12.071ms
	UnloadStreamsBegin: 4.845ms
	PersistCurrentRevisions: 0.335ms
	GenerateScriptTypeHashes: 3.629ms
	GenerateScriptTypeSerializationHashes: 6.276ms
	Untracked: 2011.998ms

Application.AssetDatabase Initial Refresh End
Shader Hidden/ChartRasterizerHardware is not supported: GPU does not support conservative rasterization
Scanning for USB devices : 3.122ms
Initializing Unity extensions:
[MODES] ModeService[none].Initialize
[MODES] ModeService[none].LoadModes
[MODES] Loading mode Default (0) for mode-current-id-Acuaria
Unloading 68 Unused Serialized files (Serialized files now loaded: 0)
Unloading 13015 unused Assets / (6.5 MB). Loaded Objects now: 13921.
Memory consumption went from 0.63 GB to 0.62 GB.
Total: 32.332800 ms (FindLiveObjects: 1.366300 ms CreateObjectMapping: 5.485900 ms MarkObjects: 20.009000 ms  DeleteObjects: 5.467800 ms)

Worker ready: AssetImportWorkerHW0 0
Opening scene 'Assets/_Acuaria/Scenes/Room.unity'
Unloading 36 Unused Serialized files (Serialized files now loaded: 0)
Loaded scene 'Assets/_Acuaria/Scenes/Room.unity'
	Deserialize:            59.885 ms
	Integration:            598.762 ms
	Integration of assets:  2.520 ms
	Thread Wait Time:       0.043 ms
	Total Operation Time:   661.210 ms
Unloading 2 unused Assets / (2.0 KB). Loaded Objects now: 14866.
Memory consumption went from 0.60 GB to 0.60 GB.
Total: 23.893900 ms (FindLiveObjects: 1.508000 ms CreateObjectMapping: 2.696700 ms MarkObjects: 19.638000 ms  DeleteObjects: 0.049800 ms)

Importing 'GUID: 722be1a56b45ce3409d70ac3bd862098 - Path: Assets/_Acuaria/Prefabs/UI/Progression/AquaristJournal.prefab' with importer (PrefabImporter)
Imported 'GUID: 722be1a56b45ce3409d70ac3bd862098' -> (Import Result ID: 'deb48e6c01501b10e0ba97be0474973b') in 0.028 seconds [static and dynamic dependencies]. Details - ImportResultOutputID=4054cb42f2b2230d09ff9f9936f93449 DependenciesID=6c92f57c188202b82dd54b66547331c5 StaticDependenciesID=5785b97093acbda764b27b847d3043f1 
Refreshing native plugins compatible for Editor in 10.67 ms, found 7 plugins.

Asset Pipeline Refresh (id=da7dc7f7f3bc0604f8e804d2f6ad3dc4): Total: 0.341 seconds - Initiated by StopAssetImportingV2(NoUpdateAssetOptions)
	(Values over 0.05ms)
	Summary:
		Imports: total=1 (actual=1, local cache=0, cache server=0)
		Asset DB Process Time: managed=3 ms, native=303 ms
		Asset DB Callback time: managed=7 ms, native=26 ms
		Scripting: domain reloads=0, domain reload time=0 ms, compile time=0 ms, other=0 ms
		Project Asset Count: scripts=2947, non-scripts=6371
		Asset File Changes: new=0, changed=1, moved=0, deleted=0
		Scan Filter Count: 6
	ApplyChangesToAssetFolders: 0.296ms
	Scan: 61.296ms
	Collect global state as custom dependencies: 0.195ms
	OnSourceAssetsModified: 0.724ms
	ProcessAssetsWithTransientArtifactChanges: 0.425ms
	CategorizeAssets: 81.412ms
	ImportOutOfDateAssets: 141.528ms (18.015ms without children)
		ImportManagerImport: 40.791ms (2.227ms without children)
		ReloadNativeAssets: 0.123ms
		UnloadImportedAssets: 0.315ms
		ReloadImportedAssets: 10.500ms
		EnsureUptoDateAssetsAreRegisteredWithGuidPM: 1.220ms
		ImportSchedulerStart: 81.051ms
	PostProcessAllAssets: 22.201ms
		XRBuildSystem.XRAssetImported 15.128ms
		MonoPostProcessAllAssets: 6.937ms
			AssetPostprocessor.OnPostprocessAllAssets 4.621ms
			SyncVS.PostprocessSyncProject 0.572ms
			SpriteShapeAssetPostProcessor.OnPostprocessAllAssets 0.457ms
			ModelAssetProcessor.OnPostprocessAllAssets 0.133ms
			RenderPipelineGlobalSettingsPostprocessor.OnPostprocessAllAssets 0.120ms
			SpriteEditorTexturePostprocessor.OnPostprocessAllAssets 0.115ms
			GraphRefreshPostprocessor.OnPostprocessAllAssets 0.068ms
			ShaderGraphAssetPostProcessor.OnPostprocessAllAssets 0.066ms
	PostAssetChangesProfiler: 11.211ms
	GatherAllCurrentPrimaryImportResultRevisions: 0.483ms
	UnloadStreamsBegin: 0.207ms
	PersistCurrentRevisions: 0.445ms
	Untracked: 16.324ms

Importing 'GUID: 0000000000000000b000000000000000 - Path: ProjectSettings/EditorBuildSettings.asset' with importer (LibraryAssetImporter)
Imported 'GUID: 0000000000000000b000000000000000' -> (Import Result ID: 'ab38d3c1ee2e670b3b71763973fd1564') in 0.002 seconds [static dependencies only]. Details - ImportResultOutputID=4647dd083cfc32cebcd7526e8846440c DependenciesID=db2987a6cc7106f2a48c879b621a975d StaticDependenciesID=91e149f2aa4c34dafa10c26d076b89c5 
Refreshing native plugins compatible for Editor in 13.71 ms, found 7 plugins.
Asset Pipeline Refresh (id=caba6fe95daed1841bd7a5d3828431f0): Total: 0.160 seconds - Initiated by StopAssetImportingV2(NoUpdateAssetOptions)
Importing 'GUID: a3b5a88ed8054a0593ad02fd67cf9338 - Path: Assets/_Acuaria/Scenes/Room.unity' with importer (DefaultImporter)
Imported 'GUID: a3b5a88ed8054a0593ad02fd67cf9338' -> (Import Result ID: 'c3c238bad9f199815959291b125d0656') in 0.003 seconds [static dependencies only]. Details - ImportResultOutputID=b65560d815834895dc4f92ea4769f012 DependenciesID=6dc15f45872449668beece188fe49ae4 StaticDependenciesID=043f35425ad2b07ac4c2fa0d475cc053 
Refreshing native plugins compatible for Editor in 11.83 ms, found 7 plugins.
Asset Pipeline Refresh (id=01b21c551a7324b4e954acabe09b89d3): Total: 0.218 seconds - Initiated by StopAssetImportingV2(NoUpdateAssetOptions)
Sprint 10 fish catalog UI configured.
UnityEngine.Debug:ExtractStackTraceNoAlloc (byte*,int,string)
UnityEngine.StackTraceUtility:ExtractStackTrace ()
UnityEngine.DebugLogHandler:Internal_Log (UnityEngine.LogType,UnityEngine.LogOption,string,UnityEngine.Object)
UnityEngine.DebugLogHandler:LogFormat (UnityEngine.LogType,UnityEngine.Object,string,object[])
UnityEngine.Logger:Log (UnityEngine.LogType,object)
UnityEngine.Debug:Log (object)
Acuaria.Editor.FishSpeciesContentSetup:ConfigureCatalogUI () (at Assets/_Acuaria/Editor/FishSpeciesContentSetup.cs:139)

(Filename: Assets/_Acuaria/Editor/FishSpeciesContentSetup.cs Line: 139)

Batchmode quit successfully invoked - shutting down!
Killing ADB server in 2.0701003 seconds.
[Physics::Module] Cleanup current backend.
[Physics::Module] Id: 0xf2b8ea05
Input System module state changed to: ShutdownInProgress.
Input Polling Thread exited.
Input System module state changed to: Shutdown.
[Licensing::IpcConnector] LicenseClient-ricar-notifications channel disconnected successfully.
[Licensing::IpcConnector] LicenseClient-ricar channel disconnected successfully.
AcceleratorClientConnectionCallback - disconnected - :0
Cleanup mono
CodeReloadManager destroyed
